============================= test session starts =============================
platform win32 -- Python 3.13.7, pytest-9.0.2, pluggy-1.6.0 -- C:\Users\singh\AppData\Local\Programs\Python\Python313\python.exe
cachedir: .pytest_cache
rootdir: C:\Users\singh\Desktop\Project\Main 2\AgriPrice_Sentinel
plugins: anyio-4.11.0, langsmith-0.4.31, asyncio-1.3.0
asyncio: mode=Mode.STRICT, debug=False, asyncio_default_fixture_loop_scope=None, asyncio_default_test_loop_scope=function
collecting ... collected 10 items

test_stationarity.py::TestRunAdf::test_returns_required_keys PASSED      [ 10%]
test_stationarity.py::TestRunAdf::test_stationary_series_low_pvalue PASSED [ 20%]
test_stationarity.py::TestRunAdf::test_nonstationary_series_high_pvalue PASSED [ 30%]
test_stationarity.py::TestCheckAndMakeStationary::test_stationary_series_not_differenced PASSED [ 40%]
test_stationarity.py::TestCheckAndMakeStationary::test_nonstationary_series_is_differenced PASSED [ 50%]
test_stationarity.py::TestCheckAndMakeStationary::test_output_has_no_nan PASSED [ 60%]
test_stationarity.py::TestCheckAndMakeStationary::test_nonstationary_logs_with_diff_result PASSED [ 70%]
test_stationarity.py::TestCheckAndMakeStationary::test_stationary_logs_without_diff_result PASSED [ 80%]
test_stationarity.py::TestCheckAndMakeStationary::test_custom_significance PASSED [ 90%]
test_stationarity.py::TestCheckAndMakeStationary::test_original_series_unchanged PASSED [100%]

============================= 10 passed in 1.57s ==============================
